// Vitest Snapshot v1, https://vitest.dev/guide/snapshot.html

exports[`Footer > test 1 1`] = `
<div
  class="footer"
  data-testid="footer"
>
  <p>
    By Adem KG
  </p>
  <div
    class="links"
  >
    <a
      href="mailto:ademkedir724@gmail.com"
    >
      <svg
        aria-hidden="true"
        class="svg-inline--fa fa-envelopes-bulk "
        data-icon="envelopes-bulk"
        data-prefix="fas"
        focusable="false"
        role="img"
        viewBox="0 0 640 512"
        xmlns="http://www.w3.org/2000/svg"
      >
        <path
          d="M128 0C110.3 0 96 14.3 96 32V224h96V192c0-35.3 28.7-64 64-64H480V32c0-17.7-14.3-32-32-32H128zM256 160c-17.7 0-32 14.3-32 32v32h96c35.3 0 64 28.7 64 64V416H576c17.7 0 32-14.3 32-32V192c0-17.7-14.3-32-32-32H256zm240 64h32c8.8 0 16 7.2 16 16v32c0 8.8-7.2 16-16 16H496c-8.8 0-16-7.2-16-16V240c0-8.8 7.2-16 16-16zM64 256c-17.7 0-32 14.3-32 32v13L187.1 415.9c1.4 1 3.1 1.6 4.9 1.6s3.5-.6 4.9-1.6L352 301V288c0-17.7-14.3-32-32-32H64zm288 84.8L216 441.6c-6.9 5.1-15.3 7.9-24 7.9s-17-2.8-24-7.9L32 340.8V480c0 17.7 14.3 32 32 32H320c17.7 0 32-14.3 32-32V340.8z"
          fill="currentColor"
        />
      </svg>
    </a>
    <a
      href="#"
    >
      <svg
        aria-hidden="true"
        class="svg-inline--fa fa-linkedin "
        data-icon="linkedin"
        data-prefix="fab"
        focusable="false"
        role="img"
        viewBox="0 0 448 512"
        xmlns="http://www.w3.org/2000/svg"
      >
        <path
          d="M416 32H31.9C14.3 32 0 46.5 0 64.3v383.4C0 465.5 14.3 480 31.9 480H416c17.6 0 32-14.5 32-32.3V64.3c0-17.8-14.4-32.3-32-32.3zM135.4 416H69V202.2h66.5V416zm-33.2-243c-21.3 0-38.5-17.3-38.5-38.5S80.9 96 102.2 96c21.2 0 38.5 17.3 38.5 38.5 0 21.3-17.2 38.5-38.5 38.5zm282.1 243h-66.4V312c0-24.8-.5-56.7-34.5-56.7-34.6 0-39.9 27-39.9 54.9V416h-66.4V202.2h63.7v29.2h.9c8.9-16.8 30.6-34.5 62.9-34.5 67.2 0 79.7 44.3 79.7 101.9V416z"
          fill="currentColor"
        />
      </svg>
    </a>
    <a
      href="#"
    >
      <svg
        aria-hidden="true"
        class="svg-inline--fa fa-x-twitter "
        data-icon="x-twitter"
        data-prefix="fab"
        focusable="false"
        role="img"
        viewBox="0 0 512 512"
        xmlns="http://www.w3.org/2000/svg"
      >
        <path
          d="M389.2 48h70.6L305.6 224.2 487 464H345L233.7 318.6 106.5 464H35.8L200.7 275.5 26.8 48H172.4L272.9 180.9 389.2 48zM364.4 421.8h39.1L151.1 88h-42L364.4 421.8z"
          fill="currentColor"
        />
      </svg>
    </a>
  </div>
</div>
`;

exports[`Footer > test snapshot of footer 1`] = `
<div
  class="footer"
  data-testid="footer"
>
  <p>
    By Adem KG
  </p>
  <div
    class="links"
  >
    <a
      href="mailto:ademkedir724@gmail.com"
    >
      <svg
        aria-hidden="true"
        class="svg-inline--fa fa-envelopes-bulk "
        data-icon="envelopes-bulk"
        data-prefix="fas"
        focusable="false"
        role="img"
        viewBox="0 0 640 512"
        xmlns="http://www.w3.org/2000/svg"
      >
        <path
          d="M128 0C110.3 0 96 14.3 96 32V224h96V192c0-35.3 28.7-64 64-64H480V32c0-17.7-14.3-32-32-32H128zM256 160c-17.7 0-32 14.3-32 32v32h96c35.3 0 64 28.7 64 64V416H576c17.7 0 32-14.3 32-32V192c0-17.7-14.3-32-32-32H256zm240 64h32c8.8 0 16 7.2 16 16v32c0 8.8-7.2 16-16 16H496c-8.8 0-16-7.2-16-16V240c0-8.8 7.2-16 16-16zM64 256c-17.7 0-32 14.3-32 32v13L187.1 415.9c1.4 1 3.1 1.6 4.9 1.6s3.5-.6 4.9-1.6L352 301V288c0-17.7-14.3-32-32-32H64zm288 84.8L216 441.6c-6.9 5.1-15.3 7.9-24 7.9s-17-2.8-24-7.9L32 340.8V480c0 17.7 14.3 32 32 32H320c17.7 0 32-14.3 32-32V340.8z"
          fill="currentColor"
        />
      </svg>
    </a>
    <a
      href="#"
    >
      <svg
        aria-hidden="true"
        class="svg-inline--fa fa-linkedin "
        data-icon="linkedin"
        data-prefix="fab"
        focusable="false"
        role="img"
        viewBox="0 0 448 512"
        xmlns="http://www.w3.org/2000/svg"
      >
        <path
          d="M416 32H31.9C14.3 32 0 46.5 0 64.3v383.4C0 465.5 14.3 480 31.9 480H416c17.6 0 32-14.5 32-32.3V64.3c0-17.8-14.4-32.3-32-32.3zM135.4 416H69V202.2h66.5V416zm-33.2-243c-21.3 0-38.5-17.3-38.5-38.5S80.9 96 102.2 96c21.2 0 38.5 17.3 38.5 38.5 0 21.3-17.2 38.5-38.5 38.5zm282.1 243h-66.4V312c0-24.8-.5-56.7-34.5-56.7-34.6 0-39.9 27-39.9 54.9V416h-66.4V202.2h63.7v29.2h.9c8.9-16.8 30.6-34.5 62.9-34.5 67.2 0 79.7 44.3 79.7 101.9V416z"
          fill="currentColor"
        />
      </svg>
    </a>
    <a
      href="#"
    >
      <svg
        aria-hidden="true"
        class="svg-inline--fa fa-x-twitter "
        data-icon="x-twitter"
        data-prefix="fab"
        focusable="false"
        role="img"
        viewBox="0 0 512 512"
        xmlns="http://www.w3.org/2000/svg"
      >
        <path
          d="M389.2 48h70.6L305.6 224.2 487 464H345L233.7 318.6 106.5 464H35.8L200.7 275.5 26.8 48H172.4L272.9 180.9 389.2 48zM364.4 421.8h39.1L151.1 88h-42L364.4 421.8z"
          fill="currentColor"
        />
      </svg>
    </a>
  </div>
</div>
`;
