// Vitest Snapshot v1, https://vitest.dev/guide/snapshot.html

exports[`test scoreBoard > snapshot test 1`] = `
<DocumentFragment>
  <div
    class="score-board"
  >
    <h3>
      Memory Game
    </h3>
    <p>
      Score: 
      <span />
    </p>
    <p>
      High Score: 
      <span
        class="high-score"
      />
    </p>
  </div>
</DocumentFragment>
`;
